[12/22/2025, 10:30:48 AM] Usuario: manolo@manolito.es | Acción: Login exitoso
[12/22/2025, 10:30:48 AM] Usuario: manolo@manolito.es | Acción: Acceso a zona privada
[12/22/2025, 10:36:27 AM] Usuario: pablo@pablete.es | Acción: Login exitoso
[12/22/2025, 10:36:27 AM] Usuario: pablo@pablete.es | Acción: Acceso a zona privada
[12/22/2025, 10:37:03 AM] Usuario: manolo@manolito.es | Acción: Login exitoso
[12/22/2025, 10:37:03 AM] Usuario: manolo@manolito.es | Acción: Acceso a zona privada
[12/22/2025, 10:37:21 AM] Usuario: pablo@pablete.es | Acción: Login exitoso
[12/22/2025, 10:37:21 AM] Usuario: pablo@pablete.es | Acción: Acceso a zona privada
[12/22/2025, 10:44:19 AM] Usuario: manolo@manolito.es | Acción: Login exitoso
[12/22/2025, 10:44:19 AM] Usuario: manolo@manolito.es | Acción: Acceso a zona privada
[12/22/2025, 10:44:24 AM] Usuario: manolo@manolito.es | Acción: Cambio de tema a oscuro
[12/22/2025, 10:46:01 AM] Usuario: manolo@manolito.es | Acción: Login exitoso
[12/22/2025, 10:46:01 AM] Usuario: manolo@manolito.es | Acción: Acceso a zona privada
[12/22/2025, 10:46:06 AM] Usuario: manolo@manolito.es | Acción: Cambio de tema a oscuro
[12/22/2025, 10:46:06 AM] Usuario: manolo@manolito.es | Acción: Acceso a zona privada
[12/22/2025, 10:48:23 AM] Usuario: manolo@manolito.es | Acción: Login exitoso
[12/22/2025, 10:48:23 AM] Usuario: manolo@manolito.es | Acción: Acceso a zona privada
[12/22/2025, 10:48:31 AM] Usuario: manolo@manolito.es | Acción: Acceso a zona privada
[12/22/2025, 10:48:46 AM] Usuario: pablo@pablete.es | Acción: Login exitoso
[12/22/2025, 10:48:46 AM] Usuario: pablo@pablete.es | Acción: Acceso a zona privada
[12/22/2025, 10:48:58 AM] Usuario: manolo@manolito.es | Acción: Login exitoso
[12/22/2025, 10:48:58 AM] Usuario: manolo@manolito.es | Acción: Acceso a zona privada
[12/22/2025, 10:49:08 AM] Usuario: manolo@manolito.es | Acción: Login exitoso
[12/22/2025, 10:49:08 AM] Usuario: manolo@manolito.es | Acción: Acceso a zona privada
[12/22/2025, 10:54:54 AM] Usuario: manolo@manolito.es | Acción: Login exitoso
[12/22/2025, 10:54:54 AM] Usuario: manolo@manolito.es | Acción: Acceso a zona privada
[12/22/2025, 10:55:01 AM] Usuario: manolo@manolito.es | Acción: Acceso a zona privada
[12/22/2025, 10:55:11 AM] Usuario: manolo@manolito.es | Acción: Login exitoso
[12/22/2025, 10:55:11 AM] Usuario: manolo@manolito.es | Acción: Acceso a zona privada
[12/22/2025, 10:55:23 AM] Usuario: pablo@pablete.es | Acción: Login exitoso
[12/22/2025, 10:55:23 AM] Usuario: pablo@pablete.es | Acción: Acceso a zona privada
[12/22/2025, 10:55:27 AM] Usuario: pablo@pablete.es | Acción: Acceso a zona privada
[12/22/2025, 11:04:07 AM] Usuario: maria@maria.com | Acción: Nuevo usuario registrado
[12/22/2025, 11:04:16 AM] Usuario: maria@maria.com | Acción: Login exitoso
[12/22/2025, 11:04:16 AM] Usuario: maria@maria.com | Acción: Acceso a zona privada
[12/22/2025, 11:04:19 AM] Usuario: maria@maria.com | Acción: Cambio de tema a oscuro
[12/22/2025, 11:04:19 AM] Usuario: maria@maria.com | Acción: Acceso a zona privada
[12/22/2025, 11:04:52 AM] Usuario: maria@maria.com | Acción: Login exitoso
[12/22/2025, 11:04:52 AM] Usuario: maria@maria.com | Acción: Acceso a zona privada
[12/22/2025, 11:05:06 AM] Usuario: pablo@pablete.es | Acción: Login exitoso
[12/22/2025, 11:05:06 AM] Usuario: pablo@pablete.es | Acción: Acceso a zona privada
[12/22/2025, 11:05:13 AM] Usuario: pablo@pablete.es | Acción: Cambio de tema a oscuro
[12/22/2025, 11:05:13 AM] Usuario: pablo@pablete.es | Acción: Acceso a zona privada
[12/22/2025, 11:06:50 AM] Usuario: maria@maria.com | Acción: Login exitoso
[12/22/2025, 11:06:50 AM] Usuario: maria@maria.com | Acción: Acceso a zona privada
[12/22/2025, 11:06:55 AM] Usuario: maria@maria.com | Acción: Cambio de tema a claro
[12/22/2025, 11:06:55 AM] Usuario: maria@maria.com | Acción: Acceso a zona privada
[12/22/2025, 11:08:10 AM] Usuario: manolo@manolito.es | Acción: Login exitoso
[12/22/2025, 11:08:10 AM] Usuario: manolo@manolito.es | Acción: Acceso a zona privada
[12/22/2025, 11:08:14 AM] Usuario: manolo@manolito.es | Acción: Acceso a zona privada
[12/22/2025, 11:08:20 AM] Usuario: manolo@manolito.es | Acción: Cambio de tema a claro
[12/22/2025, 11:08:20 AM] Usuario: manolo@manolito.es | Acción: Acceso a zona privada
[12/22/2025, 11:08:25 AM] Usuario: manolo@manolito.es | Acción: Acceso a zona privada
[12/22/2025, 11:08:43 AM] Usuario: maria@maria.com | Acción: Login exitoso
[12/22/2025, 11:08:43 AM] Usuario: maria@maria.com | Acción: Acceso a zona privada
[12/22/2025, 11:08:47 AM] Usuario: maria@maria.com | Acción: Cambio de tema a oscuro
[12/22/2025, 11:08:47 AM] Usuario: maria@maria.com | Acción: Acceso a zona privada
[12/22/2025, 4:12:43 PM] Usuario: manolo@manolito.es | Acción: Login exitoso
[12/22/2025, 4:12:43 PM] Usuario: manolo@manolito.es | Acción: Acceso a zona privada
[12/22/2025, 4:17:34 PM] Usuario: manolo@manolito.es | Acción: Acceso a zona privada
[12/22/2025, 4:18:03 PM] Usuario: manolo@manolito.es | Acción: Login exitoso
[12/22/2025, 4:18:04 PM] Usuario: manolo@manolito.es | Acción: Acceso a zona privada
[12/22/2025, 4:20:03 PM] Usuario: manolo@manolito.es | Acción: Acceso a zona privada
[12/22/2025, 4:20:10 PM] Usuario: manolo@manolito.es | Acción: Acceso a zona privada
[12/22/2025, 4:24:42 PM] Usuario: manolo@manolito.es | Acción: Login exitoso
[12/22/2025, 4:24:42 PM] Usuario: manolo@manolito.es | Acción: Acceso a zona privada
[12/22/2025, 4:24:45 PM] Usuario: manolo@manolito.es | Acción: Sesión añadida: Meditación Zen para el Caos
[12/22/2025, 4:24:45 PM] Usuario: manolo@manolito.es | Acción: Acceso a zona privada
[12/22/2025, 4:24:52 PM] Usuario: manolo@manolito.es | Acción: Sesión añadida: Conexión con Guías Espirituales
[12/22/2025, 4:24:52 PM] Usuario: manolo@manolito.es | Acción: Acceso a zona privada
[12/22/2025, 4:27:15 PM] Usuario: manolo@manolito.es | Acción: Acceso a zona privada
[12/22/2025, 4:27:49 PM] Usuario: manolo@manolito.es | Acción: Acceso a zona privada
[12/22/2025, 4:28:06 PM] Usuario: manolo@manolito.es | Acción: Acceso a zona privada
[12/22/2025, 4:28:10 PM] Usuario: manolo@manolito.es | Acción: Cambio de tema a oscuro
[12/22/2025, 4:28:14 PM] Usuario: manolo@manolito.es | Acción: Acceso a zona privada
[12/22/2025, 4:28:32 PM] Usuario: manolo@manolito.es | Acción: Login exitoso
[12/22/2025, 4:28:32 PM] Usuario: manolo@manolito.es | Acción: Acceso a zona privada
[12/22/2025, 4:30:39 PM] Usuario: manolo@manolito.es | Acción: Sesión añadida: Meditación Zen para el Caos
[12/22/2025, 4:30:39 PM] Usuario: manolo@manolito.es | Acción: Acceso a zona privada
[12/22/2025, 4:31:23 PM] Usuario: manolo@manolito.es | Acción: Acceso a zona privada
[12/22/2025, 4:34:42 PM] Usuario: manolo@manolito.es | Acción: Acceso a zona privada
[12/22/2025, 4:40:55 PM] Usuario: manolo@manolito.es | Acción: Acceso a zona privada
[12/22/2025, 4:51:23 PM] Usuario: manolo@manolito.es | Acción: Cambio de tema a claro
[12/22/2025, 4:53:53 PM] Usuario: manolo@manolito.es | Acción: Acceso a zona privada
[12/22/2025, 4:55:01 PM] Usuario: manolo@manolito.es | Acción: Acceso a zona privada
[12/22/2025, 4:59:52 PM] Usuario: manolo@manolito.es | Acción: Acceso a zona privada
[12/22/2025, 5:02:58 PM] Usuario: paula@paula.yo | Acción: Nuevo usuario registrado
[12/22/2025, 5:03:09 PM] Usuario: paula@paula.yo | Acción: Login exitoso
[12/22/2025, 5:03:09 PM] Usuario: paula@paula.yo | Acción: Acceso a zona privada
[12/22/2025, 5:03:25 PM] Usuario: paula@paula.yo | Acción: Acceso a zona privada
[1/9/2026, 3:12:34 PM] Usuario: pablo@pablete.es | Acción: Login exitoso
[1/9/2026, 3:12:34 PM] Usuario: pablo@pablete.es | Acción: Acceso a zona privada
[1/9/2026, 3:12:45 PM] Usuario: pablo@pablete.es | Acción: Sesión añadida: Iniciación al Viaje Astral
[1/9/2026, 3:12:45 PM] Usuario: pablo@pablete.es | Acción: Acceso a zona privada
[1/9/2026, 3:12:49 PM] Usuario: pablo@pablete.es | Acción: Sesión añadida: Conexión con Guías Espirituales
[1/9/2026, 3:12:49 PM] Usuario: pablo@pablete.es | Acción: Acceso a zona privada
[1/9/2026, 3:13:07 PM] Usuario: pablo@pablete.es | Acción: Acceso a zona privada
[1/9/2026, 3:13:15 PM] Usuario: pablo@pablete.es | Acción: Acceso a zona privada
